INFO     root:test_lab2.py:11 test case 1
INFO     root:test_lab2.py:22 test case finished 
INFO     root:test_lab2.py:26 test case 2
INFO     root:test_lab2.py:40 test case 9
